stage=student36 config=config/train_config_high.json
run=run2_ce_only a_kd=0.0 b_crd=0.0 film=True select_on=band crd_level=patch
unfroze 42.5M params in the last 6 blocks
head warm-started from the AudioSet rows of our 36 labels
pooling=cls_fcnorm
run=run2_ce_only train=30240 kd=False crd=False teacher=none
selecting on the 'band' slice
epoch=0 val_band_acc=0.3750 val_full_acc=0.3750
epoch=1 ce=1.1601 val_band_acc=0.5190 val_band_f1=0.5215 film_dev=7.281 (57s)
epoch=2 ce=0.6289 val_band_acc=0.5000 val_band_f1=0.4951 film_dev=9.938 (57s)
epoch=3 ce=0.3731 val_band_acc=0.5014 val_band_f1=0.5060 film_dev=14.312 (57s)
epoch=4 ce=0.2153 val_band_acc=0.4977 val_band_f1=0.4971 film_dev=23.125 (58s)
early_stop=4

checkpoint -> /marimo/repo/SNR_Aware/SNR_Expert_SSLAM/artifacts/student_run2_ce_only.pt
best val_band_accuracy=0.5190 val_band_macro_f1=0.5215
stage=test36 config=config/train_config_high.json
run=run2_ce_only a_kd=0.0 b_crd=0.0 film=True select_on=band crd_level=patch
unfroze 0.0M params in the last 0 blocks
head warm-started from the AudioSet rows of our 36 labels
pooling=cls_fcnorm

run=run2_ce_only test band slice (2160 clips)
  accuracy = 0.4954  (baseline 0.5315, delta -0.0361)
  macro_f1 = 0.4966  (baseline 0.5293, delta -0.0328)
A delta under about 1.0 point is inside the standard error on 2,160 clips. Do not call it an improvement without the paired McNemar test.
unfroze 0.0M params in the last 0 blocks
head warm-started from the AudioSet rows of our 36 labels
pooling=cls_fcnorm

embedding purity (mechanism check, not accuracy):
  band    cos_pos=0.6936 cos_neg=0.0833 gap=0.6103 retrieval@1=0.9537
  snr_15  cos_pos=0.7022 cos_neg=0.0773 gap=0.6249 retrieval@1=0.9731
  snr_20  cos_pos=0.6850 cos_neg=0.0898 gap=0.5953 retrieval@1=0.9722
predictions -> /marimo/repo/SNR_Aware/SNR_Expert_SSLAM/artifacts/student_run2_ce_only_predictions.npz
stage=student36 config=config/train_config_high.json
run=run3b_crd_only a_kd=0.0 b_crd=0.8 film=True select_on=band crd_level=patch
unfroze 42.5M params in the last 6 blocks
head warm-started from the AudioSet rows of our 36 labels
pooling=cls_fcnorm
unfroze 0.0M params in the last 0 blocks
head warm-started from the AudioSet rows of our 36 labels
pooling=cls_fcnorm
run=run3b_crd_only train=30240 kd=False crd=True teacher=online
selecting on the 'band' slice
epoch=0 val_band_acc=0.3750 val_full_acc=0.3750
epoch=1 ce=1.1396 crd=2.6505 val_band_acc=0.5227 val_band_f1=0.5244 film_dev=8.250 (258s)
epoch=2 ce=0.6219 crd=2.1046 val_band_acc=0.5102 val_band_f1=0.5064 film_dev=10.375 (259s)
epoch=3 ce=0.3767 crd=1.9691 val_band_acc=0.5153 val_band_f1=0.5197 film_dev=14.625 (258s)
epoch=4 ce=0.2254 crd=1.8837 val_band_acc=0.5079 val_band_f1=0.5058 film_dev=23.250 (255s)
early_stop=4

checkpoint -> /marimo/repo/SNR_Aware/SNR_Expert_SSLAM/artifacts/student_run3b_crd_only.pt
best val_band_accuracy=0.5227 val_band_macro_f1=0.5244
stage=test36 config=config/train_config_high.json
run=run3b_crd_only a_kd=0.0 b_crd=0.8 film=True select_on=band crd_level=patch
unfroze 0.0M params in the last 0 blocks
head warm-started from the AudioSet rows of our 36 labels
pooling=cls_fcnorm

run=run3b_crd_only test band slice (2160 clips)
  accuracy = 0.5069  (baseline 0.5315, delta -0.0246)
  macro_f1 = 0.5054  (baseline 0.5293, delta -0.0240)
A delta under about 1.0 point is inside the standard error on 2,160 clips. Do not call it an improvement without the paired McNemar test.
unfroze 0.0M params in the last 0 blocks
head warm-started from the AudioSet rows of our 36 labels
pooling=cls_fcnorm

embedding purity (mechanism check, not accuracy):
  band    cos_pos=0.6411 cos_neg=0.0795 gap=0.5616 retrieval@1=0.8681
  snr_15  cos_pos=0.6531 cos_neg=0.0746 gap=0.5786 retrieval@1=0.9157
  snr_20  cos_pos=0.6291 cos_neg=0.0849 gap=0.5442 retrieval@1=0.9074
predictions -> /marimo/repo/SNR_Aware/SNR_Expert_SSLAM/artifacts/student_run3b_crd_only_predictions.npz
stage=student36 config=config/train_config_high.json
run=run3c_kd_only a_kd=1.0 b_crd=0.0 film=True select_on=band crd_level=patch
unfroze 42.5M params in the last 6 blocks
head warm-started from the AudioSet rows of our 36 labels
pooling=cls_fcnorm
unfroze 0.0M params in the last 0 blocks
head warm-started from the AudioSet rows of our 36 labels
pooling=cls_fcnorm
run=run3c_kd_only train=30240 kd=True crd=False teacher=online
selecting on the 'band' slice
epoch=0 val_band_acc=0.3750 val_full_acc=0.3750
epoch=1 ce=1.1509 kd=1.5392 val_band_acc=0.5324 val_band_f1=0.5340 film_dev=5.844 (91s)
epoch=2 ce=0.6916 kd=1.1096 val_band_acc=0.5380 val_band_f1=0.5353 film_dev=5.375 (92s)
epoch=3 ce=0.4662 kd=0.9248 val_band_acc=0.5403 val_band_f1=0.5418 film_dev=5.188 (92s)
epoch=4 ce=0.3236 kd=0.7903 val_band_acc=0.5389 val_band_f1=0.5404 film_dev=5.438 (93s)
epoch=5 ce=0.2254 kd=0.6829 val_band_acc=0.5356 val_band_f1=0.5342 film_dev=5.312 (91s)
epoch=6 ce=0.1583 kd=0.5888 val_band_acc=0.5472 val_band_f1=0.5510 film_dev=4.812 (93s)

checkpoint -> /marimo/repo/SNR_Aware/SNR_Expert_SSLAM/artifacts/student_run3c_kd_only.pt
best val_band_accuracy=0.5472 val_band_macro_f1=0.5510
stage=test36 config=config/train_config_high.json
run=run3c_kd_only a_kd=1.0 b_crd=0.0 film=True select_on=band crd_level=patch
unfroze 0.0M params in the last 0 blocks
head warm-started from the AudioSet rows of our 36 labels
pooling=cls_fcnorm

run=run3c_kd_only test band slice (2160 clips)
  accuracy = 0.5269  (baseline 0.5315, delta -0.0046)
  macro_f1 = 0.5252  (baseline 0.5293, delta -0.0041)
A delta under about 1.0 point is inside the standard error on 2,160 clips. Do not call it an improvement without the paired McNemar test.
unfroze 0.0M params in the last 0 blocks
head warm-started from the AudioSet rows of our 36 labels
pooling=cls_fcnorm

embedding purity (mechanism check, not accuracy):
  band    cos_pos=0.5104 cos_neg=0.0148 gap=0.4956 retrieval@1=0.6417
  snr_15  cos_pos=0.5276 cos_neg=0.0132 gap=0.5143 retrieval@1=0.7361
  snr_20  cos_pos=0.4933 cos_neg=0.0165 gap=0.4768 retrieval@1=0.7120
predictions -> /marimo/repo/SNR_Aware/SNR_Expert_SSLAM/artifacts/student_run3c_kd_only_predictions.npz
stage=student36 config=config/train_config_high.json
run=run3_kd_crd a_kd=1.0 b_crd=0.8 film=True select_on=band crd_level=patch
unfroze 42.5M params in the last 6 blocks
head warm-started from the AudioSet rows of our 36 labels
pooling=cls_fcnorm
unfroze 0.0M params in the last 0 blocks
head warm-started from the AudioSet rows of our 36 labels
pooling=cls_fcnorm
run=run3_kd_crd train=30240 kd=True crd=True teacher=online
selecting on the 'band' slice
epoch=0 val_band_acc=0.3750 val_full_acc=0.3750
epoch=1 ce=1.1451 kd=1.5138 crd=2.7261 val_band_acc=0.5315 val_band_f1=0.5327 film_dev=6.062 (255s)
epoch=2 ce=0.6940 kd=1.0859 crd=2.1675 val_band_acc=0.5352 val_band_f1=0.5332 film_dev=5.500 (253s)
epoch=3 ce=0.4767 kd=0.9062 crd=2.0160 val_band_acc=0.5389 val_band_f1=0.5403 film_dev=5.312 (255s)
epoch=4 ce=0.3407 kd=0.7771 crd=1.9168 val_band_acc=0.5472 val_band_f1=0.5477 film_dev=5.344 (256s)
epoch=5 ce=0.2480 kd=0.6766 crd=1.8361 val_band_acc=0.5481 val_band_f1=0.5467 film_dev=5.062 (254s)
epoch=6 ce=0.1824 kd=0.5891 crd=1.7703 val_band_acc=0.5500 val_band_f1=0.5533 film_dev=4.438 (254s)

checkpoint -> /marimo/repo/SNR_Aware/SNR_Expert_SSLAM/artifacts/student_run3_kd_crd.pt
best val_band_accuracy=0.5500 val_band_macro_f1=0.5533
stage=test36 config=config/train_config_high.json
run=run3_kd_crd a_kd=1.0 b_crd=0.8 film=True select_on=band crd_level=patch
unfroze 0.0M params in the last 0 blocks
head warm-started from the AudioSet rows of our 36 labels
pooling=cls_fcnorm

run=run3_kd_crd test band slice (2160 clips)
  accuracy = 0.5269  (baseline 0.5315, delta -0.0046)
  macro_f1 = 0.5245  (baseline 0.5293, delta -0.0049)
A delta under about 1.0 point is inside the standard error on 2,160 clips. Do not call it an improvement without the paired McNemar test.
unfroze 0.0M params in the last 0 blocks
head warm-started from the AudioSet rows of our 36 labels
pooling=cls_fcnorm

embedding purity (mechanism check, not accuracy):
  band    cos_pos=0.5108 cos_neg=0.0242 gap=0.4866 retrieval@1=0.5769
  snr_15  cos_pos=0.5292 cos_neg=0.0230 gap=0.5062 retrieval@1=0.6926
  snr_20  cos_pos=0.4925 cos_neg=0.0256 gap=0.4669 retrieval@1=0.6491
predictions -> /marimo/repo/SNR_Aware/SNR_Expert_SSLAM/artifacts/student_run3_kd_crd_predictions.npz
stage=report36 config=config/train_config_high.json
runs: run1_baseline, run2_ce_only, run3_kd_crd, run3b_crd_only, run3c_kd_only
wrote /marimo/repo/SNR_Aware/SNR_Expert_SSLAM/artifacts/results/metrics_by_run.csv  (28 rows)
wrote /marimo/repo/SNR_Aware/SNR_Expert_SSLAM/artifacts/results/ket_qua_tong_hop.csv  (28 rows)
wrote /marimo/repo/SNR_Aware/SNR_Expert_SSLAM/artifacts/results/theo_tung_snr.csv  (10 rows)
wrote /marimo/repo/SNR_Aware/SNR_Expert_SSLAM/artifacts/results/metrics_per_class.csv  (360 rows)
wrote /marimo/repo/SNR_Aware/SNR_Expert_SSLAM/artifacts/results/comparison.csv  (40 rows)

=== band slice (15-20 dB) ===
run                     acc  macro_f1      mAP      AUC
beats_baseline       0.5708   0.5669        -        -
run1_baseline        0.4963   0.4977   0.5491   0.9275
run2_ce_only         0.4954   0.4966   0.5487   0.9269
run3_kd_crd          0.5269   0.5245   0.5774   0.9287
run3b_crd_only       0.5069   0.5054   0.5533   0.9274
run3c_kd_only        0.5269   0.5252   0.5744   0.9273
REST4_DONE
REST4_EXIT=0