stage=teacher36 config=config/train_config_high.json
{
  "rows": 43200,
  "per_split": {
    "test": 6480,
    "train": 30240,
    "validation": 6480
  },
  "labels": 36,
  "unique_noise": 30240,
  "reuse_ratio": 1.0
}
WARNING: All log messages before absl::InitializeLog() is called are written to STDERR
I0000 00:00:1790535078.579314   13753 port.cc:153] oneDNN custom operations are on. You may see slightly different numerical results due to floating-point round-off errors from different computation orders. To turn them off, set the environment variable `TF_ENABLE_ONEDNN_OPTS=0`.
I0000 00:00:1790535078.624274   13753 cpu_feature_guard.cc:227] This TensorFlow binary is optimized to use available CPU instructions in performance-critical operations.
To enable the following instructions: AVX2 AVX512F AVX512_VNNI AVX512_FP16 AMX_TILE AMX_INT8 AMX_BF16 FMA, in other operations, rebuild TensorFlow with the appropriate compiler flags.
WARNING: All log messages before absl::InitializeLog() is called are written to STDERR
I0000 00:00:1790535080.973824   13753 port.cc:153] oneDNN custom operations are on. You may see slightly different numerical results due to floating-point round-off errors from different computation orders. To turn them off, set the environment variable `TF_ENABLE_ONEDNN_OPTS=0`.
/tmp/uv-venv/lib/python3.13/site-packages/timm/models/layers/__init__.py:49: FutureWarning: Importing from timm.models.layers is deprecated, please import via timm.layers
  warnings.warn(f"Importing from {__name__} is deprecated, please import via timm.layers", FutureWarning)
unfroze 42.5M params in the last 6 blocks
head warm-started from the AudioSet rows of our 36 labels
pooling=cls_fcnorm
selecting on the 'full' slice
epoch=0 val_band_acc=0.7273 val_full_acc=0.7273
  epoch=1 batch=1/1890 ce=1.6624 acc=0.5625 vram=1.3GB
  epoch=1 batch=200/1890 ce=0.7911 acc=0.7913 vram=1.7GB
  epoch=1 batch=400/1890 ce=0.6238 acc=0.8328 vram=1.7GB
  epoch=1 batch=600/1890 ce=0.5316 acc=0.8571 vram=1.7GB
  epoch=1 batch=800/1890 ce=0.4552 acc=0.8778 vram=1.7GB
  epoch=1 batch=1000/1890 ce=0.3929 acc=0.8939 vram=1.7GB
  epoch=1 batch=1200/1890 ce=0.3449 acc=0.9071 vram=1.7GB
  epoch=1 batch=1400/1890 ce=0.3068 acc=0.9174 vram=1.7GB
  epoch=1 batch=1600/1890 ce=0.2754 acc=0.9260 vram=1.7GB
  epoch=1 batch=1800/1890 ce=0.2487 acc=0.9335 vram=1.7GB
  epoch=1 batch=1890/1890 ce=0.2383 acc=0.9364 vram=1.7GB
epoch=1 ce=0.2383 val_band_acc=0.6875 val_band_f1=0.6840 film_dev=0.000 (57s)
  epoch=2 batch=1/1890 ce=0.0103 acc=1.0000 vram=1.7GB
  epoch=2 batch=200/1890 ce=0.0145 acc=0.9975 vram=1.7GB
  epoch=2 batch=400/1890 ce=0.0126 acc=0.9980 vram=1.7GB
  epoch=2 batch=600/1890 ce=0.0114 acc=0.9981 vram=1.7GB
  epoch=2 batch=800/1890 ce=0.0119 acc=0.9978 vram=1.7GB
  epoch=2 batch=1000/1890 ce=0.0119 acc=0.9976 vram=1.7GB
  epoch=2 batch=1200/1890 ce=0.0120 acc=0.9976 vram=1.7GB
  epoch=2 batch=1400/1890 ce=0.0114 acc=0.9977 vram=1.7GB
  epoch=2 batch=1600/1890 ce=0.0107 acc=0.9977 vram=1.7GB
  epoch=2 batch=1800/1890 ce=0.0103 acc=0.9978 vram=1.7GB
  epoch=2 batch=1890/1890 ce=0.0100 acc=0.9979 vram=1.7GB
epoch=2 ce=0.0100 val_band_acc=0.7056 val_band_f1=0.7045 film_dev=0.000 (56s)
  epoch=3 batch=1/1890 ce=0.0026 acc=1.0000 vram=1.7GB
  epoch=3 batch=200/1890 ce=0.0040 acc=0.9991 vram=1.7GB
  epoch=3 batch=400/1890 ce=0.0029 acc=0.9995 vram=1.7GB
  epoch=3 batch=600/1890 ce=0.0024 acc=0.9997 vram=1.7GB
  epoch=3 batch=800/1890 ce=0.0020 acc=0.9998 vram=1.7GB
  epoch=3 batch=1000/1890 ce=0.0023 acc=0.9996 vram=1.7GB
  epoch=3 batch=1200/1890 ce=0.0031 acc=0.9993 vram=1.7GB
  epoch=3 batch=1400/1890 ce=0.0035 acc=0.9992 vram=1.7GB
  epoch=3 batch=1600/1890 ce=0.0042 acc=0.9991 vram=1.7GB
  epoch=3 batch=1800/1890 ce=0.0041 acc=0.9991 vram=1.7GB
  epoch=3 batch=1890/1890 ce=0.0041 acc=0.9990 vram=1.7GB
epoch=3 ce=0.0041 val_band_acc=0.6944 val_band_f1=0.6948 film_dev=0.000 (56s)
early_stop=3

teacher val_accuracy = 0.7273
baseline (band slice) = 0.5315   headroom = +0.1958
GATE=STOP  below 0.75. The teacher sees CLEAN noise and still barely beats a baseline that sees the mixture, so the privileged-information premise has failed.
{
  "teacher_val_accuracy": 0.7273,
  "teacher_val_macro_f1": 0.724,
  "teacher_gate": "STOP",
  "audit": {
    "rows": 43200,
    "per_split": {
      "test": 6480,
      "train": 30240,
      "validation": 6480
    },
    "labels": 36,
    "unique_noise": 30240,
    "reuse_ratio": 1.0
  }
}
